<testsuites id="" name="" tests="9" failures="6" skipped="0" errors="0" time="28.642054">
<testsuite name="00-smoke-tests.spec.ts" timestamp="2025-11-20T17:49:01.647Z" hostname="chromium" tests="9" failures="6" skipped="0" time="85.281" errors="0">
<testcase name="Smoke Tests - Application Health › Application is accessible and loads" classname="00-smoke-tests.spec.ts" time="4.16">
</testcase>
<testcase name="Smoke Tests - Application Health › Application title is correct" classname="00-smoke-tests.spec.ts" time="4.641">
</testcase>
<testcase name="Smoke Tests - Application Health › Debug - Check what HTML is rendered" classname="00-smoke-tests.spec.ts" time="14.523">
<failure message="00-smoke-tests.spec.ts:70:3 Debug - Check what HTML is rendered" type="FAILURE">
<![CDATA[  [chromium] › 00-smoke-tests.spec.ts:70:3 › Smoke Tests - Application Health › Debug - Check what HTML is rendered 

    Error: expect(received).toBeGreaterThan(expected)

    Expected: > 0
    Received:   0

      114 |     }
      115 |
    > 116 |     expect(rootHTML.length).toBeGreaterThan(0);
          |                             ^
      117 |   });
      118 |
      119 |   test('Main application structure is present', async ({ page }) => {
        at /Users/andrewmorton/Documents/GitHub/Fleet/e2e/00-smoke-tests.spec.ts:116:29

    attachment #1: screenshot (image/png) ──────────────────────────────────────────────────────────
    ../test-results/00-smoke-tests-Smoke-Tests-55596-Check-what-HTML-is-rendered-chromium/test-failed-1.png
    ────────────────────────────────────────────────────────────────────────────────────────────────

    attachment #2: video (video/webm) ──────────────────────────────────────────────────────────────
    ../test-results/00-smoke-tests-Smoke-Tests-55596-Check-what-HTML-is-rendered-chromium/video.webm
    ────────────────────────────────────────────────────────────────────────────────────────────────

    Retry #1 ───────────────────────────────────────────────────────────────────────────────────────

    Error: expect(received).toBeGreaterThan(expected)

    Expected: > 0
    Received:   0

      114 |     }
      115 |
    > 116 |     expect(rootHTML.length).toBeGreaterThan(0);
          |                             ^
      117 |   });
      118 |
      119 |   test('Main application structure is present', async ({ page }) => {
        at /Users/andrewmorton/Documents/GitHub/Fleet/e2e/00-smoke-tests.spec.ts:116:29

    attachment #1: screenshot (image/png) ──────────────────────────────────────────────────────────
    ../test-results/00-smoke-tests-Smoke-Tests-55596-Check-what-HTML-is-rendered-chromium-retry1/test-failed-1.png
    ────────────────────────────────────────────────────────────────────────────────────────────────

    attachment #2: video (video/webm) ──────────────────────────────────────────────────────────────
    ../test-results/00-smoke-tests-Smoke-Tests-55596-Check-what-HTML-is-rendered-chromium-retry1/video.webm
    ────────────────────────────────────────────────────────────────────────────────────────────────

    attachment #3: trace (application/zip) ─────────────────────────────────────────────────────────
    ../test-results/00-smoke-tests-Smoke-Tests-55596-Check-what-HTML-is-rendered-chromium-retry1/trace.zip
    Usage:

        npx playwright show-trace ../test-results/00-smoke-tests-Smoke-Tests-55596-Check-what-HTML-is-rendered-chromium-retry1/trace.zip

    ────────────────────────────────────────────────────────────────────────────────────────────────
]]>
</failure>
<system-out>
<![CDATA[===== ROOT HTML (first 1000 chars) =====

===== PAGE ERRORS =====
[ [32m"Identifier 'useState' has already been declared"[39m ]
===== FAILED REQUESTS =====
[]
===== CONSOLE LOGS (last 15) =====
[
  [32m'[log] [TEST] Auth token injected: eyJhbGciOiJIUzI1NiIsInR5cCI6IkpXVCJ9.eyJpZCI6InRlc3QtdXNlci0xMjMiLCJlbWFpbCI6InRlc3RAZXhhbXBsZS5jb20iLCJyb2xlIjoiYWRtaW4iLCJ0ZW5hbnRfaWQiOiIxMTExMTExMS0xMTExLTExMTEtMTExMS0xMTExMTExMTExMTEiLCJtaWNyb3NvZnRfaWQiOiJ0ZXN0LW1pY3Jvc29mdC1pZCIsImF1dGhfcHJvdmlkZXIiOiJtaWNyb3NvZnQiLCJleHAiOjE3NjM3NDczNDJ9.bW9jay1zaWduYXR1cmU='[39m,
  [32m'[log] [TEST] Playwright flag set'[39m,
  [32m'[debug] [vite] connecting...'[39m,
  [32m'[debug] [vite] connected.'[39m,
  [32m'[log] ServiceWorker registered: ServiceWorkerRegistration'[39m
]
===== ROOT IS EMPTY - Checking for errors =====
Page URL: http://localhost:5173/
Page title: CTAFleet - Fleet Management System

[[ATTACHMENT|00-smoke-tests-Smoke-Tests-55596-Check-what-HTML-is-rendered-chromium/test-failed-1.png]]

[[ATTACHMENT|00-smoke-tests-Smoke-Tests-55596-Check-what-HTML-is-rendered-chromium/video.webm]]
===== ROOT HTML (first 1000 chars) =====

===== PAGE ERRORS =====
[ [32m"Identifier 'useState' has already been declared"[39m ]
===== FAILED REQUESTS =====
[]
===== CONSOLE LOGS (last 15) =====
[
  [32m'[log] [TEST] Auth token injected: eyJhbGciOiJIUzI1NiIsInR5cCI6IkpXVCJ9.eyJpZCI6InRlc3QtdXNlci0xMjMiLCJlbWFpbCI6InRlc3RAZXhhbXBsZS5jb20iLCJyb2xlIjoiYWRtaW4iLCJ0ZW5hbnRfaWQiOiIxMTExMTExMS0xMTExLTExMTEtMTExMS0xMTExMTExMTExMTEiLCJtaWNyb3NvZnRfaWQiOiJ0ZXN0LW1pY3Jvc29mdC1pZCIsImF1dGhfcHJvdmlkZXIiOiJtaWNyb3NvZnQiLCJleHAiOjE3NjM3NDczNTF9.bW9jay1zaWduYXR1cmU='[39m,
  [32m'[log] [TEST] Playwright flag set'[39m,
  [32m'[debug] [vite] connecting...'[39m,
  [32m'[debug] [vite] connected.'[39m,
  [32m'[log] ServiceWorker registered: ServiceWorkerRegistration'[39m
]
===== ROOT IS EMPTY - Checking for errors =====
Page URL: http://localhost:5173/
Page title: CTAFleet - Fleet Management System

[[ATTACHMENT|00-smoke-tests-Smoke-Tests-55596-Check-what-HTML-is-rendered-chromium-retry1/test-failed-1.png]]

[[ATTACHMENT|00-smoke-tests-Smoke-Tests-55596-Check-what-HTML-is-rendered-chromium-retry1/video.webm]]

[[ATTACHMENT|00-smoke-tests-Smoke-Tests-55596-Check-what-HTML-is-rendered-chromium-retry1/trace.zip]]
]]>
</system-out>
</testcase>
<testcase name="Smoke Tests - Application Health › Main application structure is present" classname="00-smoke-tests.spec.ts" time="14.527">
<failure message="00-smoke-tests.spec.ts:119:3 Main application structure is present" type="FAILURE">
<![CDATA[  [chromium] › 00-smoke-tests.spec.ts:119:3 › Smoke Tests - Application Health › Main application structure is present 

    Error: expect(received).toBeGreaterThan(expected)

    Expected: > 0
    Received:   0

      137 |
      138 |     // At minimum, we should have some buttons (for UI interaction)
    > 139 |     expect(hasButtons).toBeGreaterThan(0);
          |                        ^
      140 |   });
      141 |
      142 |   test('Navigation elements are present', async ({ page }) => {
        at /Users/andrewmorton/Documents/GitHub/Fleet/e2e/00-smoke-tests.spec.ts:139:24

    attachment #1: screenshot (image/png) ──────────────────────────────────────────────────────────
    ../test-results/00-smoke-tests-Smoke-Tests-23040-cation-structure-is-present-chromium/test-failed-1.png
    ────────────────────────────────────────────────────────────────────────────────────────────────

    attachment #2: video (video/webm) ──────────────────────────────────────────────────────────────
    ../test-results/00-smoke-tests-Smoke-Tests-23040-cation-structure-is-present-chromium/video.webm
    ────────────────────────────────────────────────────────────────────────────────────────────────

    Retry #1 ───────────────────────────────────────────────────────────────────────────────────────

    Error: expect(received).toBeGreaterThan(expected)

    Expected: > 0
    Received:   0

      137 |
      138 |     // At minimum, we should have some buttons (for UI interaction)
    > 139 |     expect(hasButtons).toBeGreaterThan(0);
          |                        ^
      140 |   });
      141 |
      142 |   test('Navigation elements are present', async ({ page }) => {
        at /Users/andrewmorton/Documents/GitHub/Fleet/e2e/00-smoke-tests.spec.ts:139:24

    attachment #1: screenshot (image/png) ──────────────────────────────────────────────────────────
    ../test-results/00-smoke-tests-Smoke-Tests-23040-cation-structure-is-present-chromium-retry1/test-failed-1.png
    ────────────────────────────────────────────────────────────────────────────────────────────────

    attachment #2: video (video/webm) ──────────────────────────────────────────────────────────────
    ../test-results/00-smoke-tests-Smoke-Tests-23040-cation-structure-is-present-chromium-retry1/video.webm
    ────────────────────────────────────────────────────────────────────────────────────────────────

    attachment #3: trace (application/zip) ─────────────────────────────────────────────────────────
    ../test-results/00-smoke-tests-Smoke-Tests-23040-cation-structure-is-present-chromium-retry1/trace.zip
    Usage:

        npx playwright show-trace ../test-results/00-smoke-tests-Smoke-Tests-23040-cation-structure-is-present-chromium-retry1/trace.zip

    ────────────────────────────────────────────────────────────────────────────────────────────────
]]>
</failure>
<system-out>
<![CDATA[[STRUCTURE TEST] Found - aside: 0, buttons: 0, nav: 0

[[ATTACHMENT|00-smoke-tests-Smoke-Tests-23040-cation-structure-is-present-chromium/test-failed-1.png]]

[[ATTACHMENT|00-smoke-tests-Smoke-Tests-23040-cation-structure-is-present-chromium/video.webm]]
[STRUCTURE TEST] Found - aside: 0, buttons: 0, nav: 0

[[ATTACHMENT|00-smoke-tests-Smoke-Tests-23040-cation-structure-is-present-chromium-retry1/test-failed-1.png]]

[[ATTACHMENT|00-smoke-tests-Smoke-Tests-23040-cation-structure-is-present-chromium-retry1/video.webm]]

[[ATTACHMENT|00-smoke-tests-Smoke-Tests-23040-cation-structure-is-present-chromium-retry1/trace.zip]]
]]>
</system-out>
</testcase>
<testcase name="Smoke Tests - Application Health › Navigation elements are present" classname="00-smoke-tests.spec.ts" time="11.229">
<failure message="00-smoke-tests.spec.ts:142:3 Navigation elements are present" type="FAILURE">
<![CDATA[  [chromium] › 00-smoke-tests.spec.ts:142:3 › Smoke Tests - Application Health › Navigation elements are present 

    Error: expect(received).toBeGreaterThan(expected)

    Expected: > 0
    Received:   0

      155 |
      156 |     // Should have at least some interactive elements
    > 157 |     expect(buttonCount).toBeGreaterThan(0);
          |                         ^
      158 |   });
      159 |
      160 |   test('No critical JavaScript errors', async ({ page }) => {
        at /Users/andrewmorton/Documents/GitHub/Fleet/e2e/00-smoke-tests.spec.ts:157:25

    attachment #1: screenshot (image/png) ──────────────────────────────────────────────────────────
    ../test-results/00-smoke-tests-Smoke-Tests-ea880-gation-elements-are-present-chromium/test-failed-1.png
    ────────────────────────────────────────────────────────────────────────────────────────────────

    attachment #2: video (video/webm) ──────────────────────────────────────────────────────────────
    ../test-results/00-smoke-tests-Smoke-Tests-ea880-gation-elements-are-present-chromium/video.webm
    ────────────────────────────────────────────────────────────────────────────────────────────────

    Retry #1 ───────────────────────────────────────────────────────────────────────────────────────

    Error: expect(received).toBeGreaterThan(expected)

    Expected: > 0
    Received:   0

      155 |
      156 |     // Should have at least some interactive elements
    > 157 |     expect(buttonCount).toBeGreaterThan(0);
          |                         ^
      158 |   });
      159 |
      160 |   test('No critical JavaScript errors', async ({ page }) => {
        at /Users/andrewmorton/Documents/GitHub/Fleet/e2e/00-smoke-tests.spec.ts:157:25

    attachment #1: screenshot (image/png) ──────────────────────────────────────────────────────────
    ../test-results/00-smoke-tests-Smoke-Tests-ea880-gation-elements-are-present-chromium-retry1/test-failed-1.png
    ────────────────────────────────────────────────────────────────────────────────────────────────

    attachment #2: video (video/webm) ──────────────────────────────────────────────────────────────
    ../test-results/00-smoke-tests-Smoke-Tests-ea880-gation-elements-are-present-chromium-retry1/video.webm
    ────────────────────────────────────────────────────────────────────────────────────────────────

    attachment #3: trace (application/zip) ─────────────────────────────────────────────────────────
    ../test-results/00-smoke-tests-Smoke-Tests-ea880-gation-elements-are-present-chromium-retry1/trace.zip
    Usage:

        npx playwright show-trace ../test-results/00-smoke-tests-Smoke-Tests-ea880-gation-elements-are-present-chromium-retry1/trace.zip

    ────────────────────────────────────────────────────────────────────────────────────────────────
]]>
</failure>
<system-out>
<![CDATA[[NAV TEST] Found 0 buttons on page

[[ATTACHMENT|00-smoke-tests-Smoke-Tests-ea880-gation-elements-are-present-chromium/test-failed-1.png]]

[[ATTACHMENT|00-smoke-tests-Smoke-Tests-ea880-gation-elements-are-present-chromium/video.webm]]
[NAV TEST] Found 0 buttons on page

[[ATTACHMENT|00-smoke-tests-Smoke-Tests-ea880-gation-elements-are-present-chromium-retry1/test-failed-1.png]]

[[ATTACHMENT|00-smoke-tests-Smoke-Tests-ea880-gation-elements-are-present-chromium-retry1/video.webm]]

[[ATTACHMENT|00-smoke-tests-Smoke-Tests-ea880-gation-elements-are-present-chromium-retry1/trace.zip]]
]]>
</system-out>
</testcase>
<testcase name="Smoke Tests - Application Health › No critical JavaScript errors" classname="00-smoke-tests.spec.ts" time="2.902">
</testcase>
<testcase name="Smoke Tests - Application Health › Page can handle navigation" classname="00-smoke-tests.spec.ts" time="11.047">
<failure message="00-smoke-tests.spec.ts:188:3 Page can handle navigation" type="FAILURE">
<![CDATA[  [chromium] › 00-smoke-tests.spec.ts:188:3 › Smoke Tests - Application Health › Page can handle navigation 

    Error: expect(received).toBeGreaterThan(expected)

    Expected: > 0
    Received:   0

      201 |
      202 |     // Verify we have interactive elements
    > 203 |     expect(buttonCount).toBeGreaterThan(0);
          |                         ^
      204 |   });
      205 | });
      206 |
        at /Users/andrewmorton/Documents/GitHub/Fleet/e2e/00-smoke-tests.spec.ts:203:25

    attachment #1: screenshot (image/png) ──────────────────────────────────────────────────────────
    ../test-results/00-smoke-tests-Smoke-Tests-307c9--Page-can-handle-navigation-chromium/test-failed-1.png
    ────────────────────────────────────────────────────────────────────────────────────────────────

    attachment #2: video (video/webm) ──────────────────────────────────────────────────────────────
    ../test-results/00-smoke-tests-Smoke-Tests-307c9--Page-can-handle-navigation-chromium/video.webm
    ────────────────────────────────────────────────────────────────────────────────────────────────

    Retry #1 ───────────────────────────────────────────────────────────────────────────────────────

    Error: expect(received).toBeGreaterThan(expected)

    Expected: > 0
    Received:   0

      201 |
      202 |     // Verify we have interactive elements
    > 203 |     expect(buttonCount).toBeGreaterThan(0);
          |                         ^
      204 |   });
      205 | });
      206 |
        at /Users/andrewmorton/Documents/GitHub/Fleet/e2e/00-smoke-tests.spec.ts:203:25

    attachment #1: screenshot (image/png) ──────────────────────────────────────────────────────────
    ../test-results/00-smoke-tests-Smoke-Tests-307c9--Page-can-handle-navigation-chromium-retry1/test-failed-1.png
    ────────────────────────────────────────────────────────────────────────────────────────────────

    attachment #2: video (video/webm) ──────────────────────────────────────────────────────────────
    ../test-results/00-smoke-tests-Smoke-Tests-307c9--Page-can-handle-navigation-chromium-retry1/video.webm
    ────────────────────────────────────────────────────────────────────────────────────────────────

    attachment #3: trace (application/zip) ─────────────────────────────────────────────────────────
    ../test-results/00-smoke-tests-Smoke-Tests-307c9--Page-can-handle-navigation-chromium-retry1/trace.zip
    Usage:

        npx playwright show-trace ../test-results/00-smoke-tests-Smoke-Tests-307c9--Page-can-handle-navigation-chromium-retry1/trace.zip

    ────────────────────────────────────────────────────────────────────────────────────────────────
]]>
</failure>
<system-out>
<![CDATA[[NAVIGATION TEST] Found 0 interactive elements

[[ATTACHMENT|00-smoke-tests-Smoke-Tests-307c9--Page-can-handle-navigation-chromium/test-failed-1.png]]

[[ATTACHMENT|00-smoke-tests-Smoke-Tests-307c9--Page-can-handle-navigation-chromium/video.webm]]
[NAVIGATION TEST] Found 0 interactive elements

[[ATTACHMENT|00-smoke-tests-Smoke-Tests-307c9--Page-can-handle-navigation-chromium-retry1/test-failed-1.png]]

[[ATTACHMENT|00-smoke-tests-Smoke-Tests-307c9--Page-can-handle-navigation-chromium-retry1/video.webm]]

[[ATTACHMENT|00-smoke-tests-Smoke-Tests-307c9--Page-can-handle-navigation-chromium-retry1/trace.zip]]
]]>
</system-out>
</testcase>
<testcase name="Module Accessibility Check › Check if module navigation exists" classname="00-smoke-tests.spec.ts" time="11.132">
<failure message="00-smoke-tests.spec.ts:209:3 Check if module navigation exists" type="FAILURE">
<![CDATA[  [chromium] › 00-smoke-tests.spec.ts:209:3 › Module Accessibility Check › Check if module navigation exists 

    Error: expect(received).toBeGreaterThan(expected)

    Expected: > 0
    Received:   0

      222 |
      223 |     // Should have at least some navigation buttons
    > 224 |     expect(count).toBeGreaterThan(0);
          |                   ^
      225 |   });
      226 |
      227 |   test('Dashboard or main view is visible', async ({ page }) => {
        at /Users/andrewmorton/Documents/GitHub/Fleet/e2e/00-smoke-tests.spec.ts:224:19

    attachment #1: screenshot (image/png) ──────────────────────────────────────────────────────────
    ../test-results/00-smoke-tests-Module-Acce-5c45a-if-module-navigation-exists-chromium/test-failed-1.png
    ────────────────────────────────────────────────────────────────────────────────────────────────

    attachment #2: video (video/webm) ──────────────────────────────────────────────────────────────
    ../test-results/00-smoke-tests-Module-Acce-5c45a-if-module-navigation-exists-chromium/video.webm
    ────────────────────────────────────────────────────────────────────────────────────────────────

    Retry #1 ───────────────────────────────────────────────────────────────────────────────────────

    Error: expect(received).toBeGreaterThan(expected)

    Expected: > 0
    Received:   0

      222 |
      223 |     // Should have at least some navigation buttons
    > 224 |     expect(count).toBeGreaterThan(0);
          |                   ^
      225 |   });
      226 |
      227 |   test('Dashboard or main view is visible', async ({ page }) => {
        at /Users/andrewmorton/Documents/GitHub/Fleet/e2e/00-smoke-tests.spec.ts:224:19

    attachment #1: screenshot (image/png) ──────────────────────────────────────────────────────────
    ../test-results/00-smoke-tests-Module-Acce-5c45a-if-module-navigation-exists-chromium-retry1/test-failed-1.png
    ────────────────────────────────────────────────────────────────────────────────────────────────

    attachment #2: video (video/webm) ──────────────────────────────────────────────────────────────
    ../test-results/00-smoke-tests-Module-Acce-5c45a-if-module-navigation-exists-chromium-retry1/video.webm
    ────────────────────────────────────────────────────────────────────────────────────────────────

    attachment #3: trace (application/zip) ─────────────────────────────────────────────────────────
    ../test-results/00-smoke-tests-Module-Acce-5c45a-if-module-navigation-exists-chromium-retry1/trace.zip
    Usage:

        npx playwright show-trace ../test-results/00-smoke-tests-Module-Acce-5c45a-if-module-navigation-exists-chromium-retry1/trace.zip

    ────────────────────────────────────────────────────────────────────────────────────────────────
]]>
</failure>
<system-out>
<![CDATA[[MODULE NAV TEST] Found 0 buttons

[[ATTACHMENT|00-smoke-tests-Module-Acce-5c45a-if-module-navigation-exists-chromium/test-failed-1.png]]

[[ATTACHMENT|00-smoke-tests-Module-Acce-5c45a-if-module-navigation-exists-chromium/video.webm]]
[MODULE NAV TEST] Found 0 buttons

[[ATTACHMENT|00-smoke-tests-Module-Acce-5c45a-if-module-navigation-exists-chromium-retry1/test-failed-1.png]]

[[ATTACHMENT|00-smoke-tests-Module-Acce-5c45a-if-module-navigation-exists-chromium-retry1/video.webm]]

[[ATTACHMENT|00-smoke-tests-Module-Acce-5c45a-if-module-navigation-exists-chromium-retry1/trace.zip]]
]]>
</system-out>
</testcase>
<testcase name="Module Accessibility Check › Dashboard or main view is visible" classname="00-smoke-tests.spec.ts" time="11.12">
<failure message="00-smoke-tests.spec.ts:227:3 Dashboard or main view is visible" type="FAILURE">
<![CDATA[  [chromium] › 00-smoke-tests.spec.ts:227:3 › Module Accessibility Check › Dashboard or main view is visible 

    Error: expect(received).toBe(expected) // Object.is equality

    Expected: true
    Received: false

      243 |
      244 |     // Should have some UI elements rendered
    > 245 |     expect(hasContent).toBe(true);
          |                        ^
      246 |     expect(divs).toBeGreaterThan(0);
      247 |   });
      248 | });
        at /Users/andrewmorton/Documents/GitHub/Fleet/e2e/00-smoke-tests.spec.ts:245:24

    attachment #1: screenshot (image/png) ──────────────────────────────────────────────────────────
    ../test-results/00-smoke-tests-Module-Acce-57188-ard-or-main-view-is-visible-chromium/test-failed-1.png
    ────────────────────────────────────────────────────────────────────────────────────────────────

    attachment #2: video (video/webm) ──────────────────────────────────────────────────────────────
    ../test-results/00-smoke-tests-Module-Acce-57188-ard-or-main-view-is-visible-chromium/video.webm
    ────────────────────────────────────────────────────────────────────────────────────────────────

    Retry #1 ───────────────────────────────────────────────────────────────────────────────────────

    Error: expect(received).toBe(expected) // Object.is equality

    Expected: true
    Received: false

      243 |
      244 |     // Should have some UI elements rendered
    > 245 |     expect(hasContent).toBe(true);
          |                        ^
      246 |     expect(divs).toBeGreaterThan(0);
      247 |   });
      248 | });
        at /Users/andrewmorton/Documents/GitHub/Fleet/e2e/00-smoke-tests.spec.ts:245:24

    attachment #1: screenshot (image/png) ──────────────────────────────────────────────────────────
    ../test-results/00-smoke-tests-Module-Acce-57188-ard-or-main-view-is-visible-chromium-retry1/test-failed-1.png
    ────────────────────────────────────────────────────────────────────────────────────────────────

    attachment #2: video (video/webm) ──────────────────────────────────────────────────────────────
    ../test-results/00-smoke-tests-Module-Acce-57188-ard-or-main-view-is-visible-chromium-retry1/video.webm
    ────────────────────────────────────────────────────────────────────────────────────────────────

    attachment #3: trace (application/zip) ─────────────────────────────────────────────────────────
    ../test-results/00-smoke-tests-Module-Acce-57188-ard-or-main-view-is-visible-chromium-retry1/trace.zip
    Usage:

        npx playwright show-trace ../test-results/00-smoke-tests-Module-Acce-57188-ard-or-main-view-is-visible-chromium-retry1/trace.zip

    ────────────────────────────────────────────────────────────────────────────────────────────────
]]>
</failure>
<system-out>
<![CDATA[[DASHBOARD TEST] Root has content: false, buttons: 0, divs: 1

[[ATTACHMENT|00-smoke-tests-Module-Acce-57188-ard-or-main-view-is-visible-chromium/test-failed-1.png]]

[[ATTACHMENT|00-smoke-tests-Module-Acce-57188-ard-or-main-view-is-visible-chromium/video.webm]]
[DASHBOARD TEST] Root has content: false, buttons: 0, divs: 1

[[ATTACHMENT|00-smoke-tests-Module-Acce-57188-ard-or-main-view-is-visible-chromium-retry1/test-failed-1.png]]

[[ATTACHMENT|00-smoke-tests-Module-Acce-57188-ard-or-main-view-is-visible-chromium-retry1/video.webm]]

[[ATTACHMENT|00-smoke-tests-Module-Acce-57188-ard-or-main-view-is-visible-chromium-retry1/trace.zip]]
]]>
</system-out>
</testcase>
</testsuite>
</testsuites>